{
  "version": "1.5.0",
  "plugins_used": [
    {
      "name": "ArtifactoryDetector"
    },
    {
      "name": "AWSKeyDetector"
    },
    {
      "name": "AzureStorageKeyDetector"
    },
    {
      "name": "Base64HighEntropyString",
      "limit": 4.5
    },
    {
      "name": "BasicAuthDetector"
    },
    {
      "name": "CloudantDetector"
    },
    {
      "name": "DiscordBotTokenDetector"
    },
    {
      "name": "GitHubTokenDetector"
    },
    {
      "name": "GitLabTokenDetector"
    },
    {
      "name": "HexHighEntropyString",
      "limit": 3.0
    },
    {
      "name": "IbmCloudIamDetector"
    },
    {
      "name": "IbmCosHmacDetector"
    },
    {
      "name": "IPPublicDetector"
    },
    {
      "name": "JwtTokenDetector"
    },
    {
      "name": "KeywordDetector",
      "keyword_exclude": ""
    },
    {
      "name": "MailchimpDetector"
    },
    {
      "name": "NpmDetector"
    },
    {
      "name": "OpenAIDetector"
    },
    {
      "name": "PrivateKeyDetector"
    },
    {
      "name": "PypiTokenDetector"
    },
    {
      "name": "SendGridDetector"
    },
    {
      "name": "SlackDetector"
    },
    {
      "name": "SoftlayerDetector"
    },
    {
      "name": "SquareOAuthDetector"
    },
    {
      "name": "StripeDetector"
    },
    {
      "name": "TelegramBotTokenDetector"
    },
    {
      "name": "TwilioKeyDetector"
    }
  ],
  "filters_used": [
    {
      "path": "detect_secrets.filters.allowlist.is_line_allowlisted"
    },
    {
      "path": "detect_secrets.filters.common.is_ignored_due_to_verification_policies",
      "min_level": 2
    },
    {
      "path": "detect_secrets.filters.heuristic.is_indirect_reference"
    },
    {
      "path": "detect_secrets.filters.heuristic.is_likely_id_string"
    },
    {
      "path": "detect_secrets.filters.heuristic.is_lock_file"
    },
    {
      "path": "detect_secrets.filters.heuristic.is_not_alphanumeric_string"
    },
    {
      "path": "detect_secrets.filters.heuristic.is_potential_uuid"
    },
    {
      "path": "detect_secrets.filters.heuristic.is_prefixed_with_dollar_sign"
    },
    {
      "path": "detect_secrets.filters.heuristic.is_sequential_string"
    },
    {
      "path": "detect_secrets.filters.heuristic.is_swagger_file"
    },
    {
      "path": "detect_secrets.filters.heuristic.is_templated_secret"
    },
    {
      "path": "detect_secrets.filters.regex.should_exclude_file",
      "pattern": [
        ".*\\.example|package-lock\\.json|.*\\.ipynb"
      ]
    }
  ],
  "results": {
    "alembic\\env.py": [
      {
        "type": "Basic Auth Credentials",
        "filename": "alembic\\env.py",
        "hashed_secret": "112bb791304791ddcf692e29fd5cf149b35fea37",
        "is_verified": false,
        "line_number": 101
      }
    ],
    "alembic\\versions\\0003_add_performance_indexes.py": [
      {
        "type": "Hex High Entropy String",
        "filename": "alembic\\versions\\0003_add_performance_indexes.py",
        "hashed_secret": "f709c7d6ee6139828df29ecb6b1f52c69b9250c1",
        "is_verified": false,
        "line_number": 25
      }
    ],
    "alembic\\versions\\459541e7af7d_convert_all_primary_keys_to_uuid.py": [
      {
        "type": "Hex High Entropy String",
        "filename": "alembic\\versions\\459541e7af7d_convert_all_primary_keys_to_uuid.py",
        "hashed_secret": "f709c7d6ee6139828df29ecb6b1f52c69b9250c1",
        "is_verified": false,
        "line_number": 12
      }
    ],
    "alembic\\versions\\ab696fc771ed_simplified_role_system_and_outlet_access.py": [
      {
        "type": "Hex High Entropy String",
        "filename": "alembic\\versions\\ab696fc771ed_simplified_role_system_and_outlet_access.py",
        "hashed_secret": "4d74d569cd76157169a7674445b2e055d19443e3",
        "is_verified": false,
        "line_number": 12
      }
    ],
    "alembic\\versions\\b04608c6d528_create_notifications_table.py": [
      {
        "type": "Hex High Entropy String",
        "filename": "alembic\\versions\\b04608c6d528_create_notifications_table.py",
        "hashed_secret": "cb1c88151304941983aa9702b274a380fb9d8725",
        "is_verified": false,
        "line_number": 12
      },
      {
        "type": "Hex High Entropy String",
        "filename": "alembic\\versions\\b04608c6d528_create_notifications_table.py",
        "hashed_secret": "2944ef8413196559ef6fe5ed8c28d132b427c373",
        "is_verified": false,
        "line_number": 13
      }
    ],
    "alembic\\versions\\f28595157a94_add_dashboard_layout_to_users.py": [
      {
        "type": "Hex High Entropy String",
        "filename": "alembic\\versions\\f28595157a94_add_dashboard_layout_to_users.py",
        "hashed_secret": "2944ef8413196559ef6fe5ed8c28d132b427c373",
        "is_verified": false,
        "line_number": 12
      },
      {
        "type": "Hex High Entropy String",
        "filename": "alembic\\versions\\f28595157a94_add_dashboard_layout_to_users.py",
        "hashed_secret": "4d74d569cd76157169a7674445b2e055d19443e3",
        "is_verified": false,
        "line_number": 13
      }
    ],
    "backend\\alembic\\env.py": [
      {
        "type": "Basic Auth Credentials",
        "filename": "backend\\alembic\\env.py",
        "hashed_secret": "112bb791304791ddcf692e29fd5cf149b35fea37",
        "is_verified": false,
        "line_number": 67
      }
    ],
    "backend\\alembic\\versions\\0003_add_performance_indexes.py": [
      {
        "type": "Hex High Entropy String",
        "filename": "backend\\alembic\\versions\\0003_add_performance_indexes.py",
        "hashed_secret": "f709c7d6ee6139828df29ecb6b1f52c69b9250c1",
        "is_verified": false,
        "line_number": 25
      }
    ],
    "backend\\alembic\\versions\\459541e7af7d_convert_all_primary_keys_to_uuid.py": [
      {
        "type": "Hex High Entropy String",
        "filename": "backend\\alembic\\versions\\459541e7af7d_convert_all_primary_keys_to_uuid.py",
        "hashed_secret": "f709c7d6ee6139828df29ecb6b1f52c69b9250c1",
        "is_verified": false,
        "line_number": 12
      }
    ],
    "backend\\alembic\\versions\\94ac9a572741_add_organization_id_to_core_models.py": [
      {
        "type": "Hex High Entropy String",
        "filename": "backend\\alembic\\versions\\94ac9a572741_add_organization_id_to_core_models.py",
        "hashed_secret": "90393fdda04759697cbba32cd3a0d15dafc7b420",
        "is_verified": false,
        "line_number": 13
      }
    ],
    "backend\\alembic\\versions\\950faf9b2113_add_lat_and_lon_to_outlet.py": [
      {
        "type": "Hex High Entropy String",
        "filename": "backend\\alembic\\versions\\950faf9b2113_add_lat_and_lon_to_outlet.py",
        "hashed_secret": "90393fdda04759697cbba32cd3a0d15dafc7b420",
        "is_verified": false,
        "line_number": 12
      },
      {
        "type": "Hex High Entropy String",
        "filename": "backend\\alembic\\versions\\950faf9b2113_add_lat_and_lon_to_outlet.py",
        "hashed_secret": "cb1c88151304941983aa9702b274a380fb9d8725",
        "is_verified": false,
        "line_number": 13
      }
    ],
    "backend\\alembic\\versions\\995b586cb536_force_row_level_security.py": [
      {
        "type": "Hex High Entropy String",
        "filename": "backend\\alembic\\versions\\995b586cb536_force_row_level_security.py",
        "hashed_secret": "4509f10fc73a54ddc7bdec5ad45c0fe891ef0791",
        "is_verified": false,
        "line_number": 13
      }
    ],
    "backend\\alembic\\versions\\ab696fc771ed_simplified_role_system_and_outlet_access.py": [
      {
        "type": "Hex High Entropy String",
        "filename": "backend\\alembic\\versions\\ab696fc771ed_simplified_role_system_and_outlet_access.py",
        "hashed_secret": "4d74d569cd76157169a7674445b2e055d19443e3",
        "is_verified": false,
        "line_number": 12
      }
    ],
    "backend\\alembic\\versions\\b04608c6d528_create_notifications_table.py": [
      {
        "type": "Hex High Entropy String",
        "filename": "backend\\alembic\\versions\\b04608c6d528_create_notifications_table.py",
        "hashed_secret": "cb1c88151304941983aa9702b274a380fb9d8725",
        "is_verified": false,
        "line_number": 12
      },
      {
        "type": "Hex High Entropy String",
        "filename": "backend\\alembic\\versions\\b04608c6d528_create_notifications_table.py",
        "hashed_secret": "2944ef8413196559ef6fe5ed8c28d132b427c373",
        "is_verified": false,
        "line_number": 13
      }
    ],
    "backend\\alembic\\versions\\da04c5929846_add_tenant_id_to_multi_tenant_models.py": [
      {
        "type": "Hex High Entropy String",
        "filename": "backend\\alembic\\versions\\da04c5929846_add_tenant_id_to_multi_tenant_models.py",
        "hashed_secret": "4509f10fc73a54ddc7bdec5ad45c0fe891ef0791",
        "is_verified": false,
        "line_number": 13
      }
    ],
    "backend\\alembic\\versions\\f28595157a94_add_dashboard_layout_to_users.py": [
      {
        "type": "Hex High Entropy String",
        "filename": "backend\\alembic\\versions\\f28595157a94_add_dashboard_layout_to_users.py",
        "hashed_secret": "2944ef8413196559ef6fe5ed8c28d132b427c373",
        "is_verified": false,
        "line_number": 12
      },
      {
        "type": "Hex High Entropy String",
        "filename": "backend\\alembic\\versions\\f28595157a94_add_dashboard_layout_to_users.py",
        "hashed_secret": "4d74d569cd76157169a7674445b2e055d19443e3",
        "is_verified": false,
        "line_number": 13
      }
    ],
    "backend\\app\\config.py": [
      {
        "type": "Basic Auth Credentials",
        "filename": "backend\\app\\config.py",
        "hashed_secret": "afc848c316af1a89d49826c5ae9d00ed769415f3",
        "is_verified": false,
        "line_number": 9
      }
    ],
    "backend\\app\\core\\config.py": [
      {
        "type": "Basic Auth Credentials",
        "filename": "backend\\app\\core\\config.py",
        "hashed_secret": "112bb791304791ddcf692e29fd5cf149b35fea37",
        "is_verified": false,
        "line_number": 59
      }
    ],
    "backend\\app\\services\\query_executor.py": [
      {
        "type": "Basic Auth Credentials",
        "filename": "backend\\app\\services\\query_executor.py",
        "hashed_secret": "5baa61e4c9b93f3f0682250b6cf8331b7ee68fd8",
        "is_verified": false,
        "line_number": 49
      }
    ],
    "backend\\tests\\conftest.py": [
      {
        "type": "Secret Keyword",
        "filename": "backend\\tests\\conftest.py",
        "hashed_secret": "72cb70dbbafe97e5ea13ad88acd65d08389439b0",
        "is_verified": false,
        "line_number": 14
      }
    ],
    "backend\\tests\\unit\\test_canonical_models.py": [
      {
        "type": "Secret Keyword",
        "filename": "backend\\tests\\unit\\test_canonical_models.py",
        "hashed_secret": "d4966ef7d5412392f73f9eaad0db87bb1847f4f6",
        "is_verified": false,
        "line_number": 74
      }
    ],
    "backend\\tests\\unit\\test_integrations.py": [
      {
        "type": "Secret Keyword",
        "filename": "backend\\tests\\unit\\test_integrations.py",
        "hashed_secret": "ff3290263578141fb0506786bb8336cdc9e0917c",
        "is_verified": false,
        "line_number": 31
      },
      {
        "type": "Secret Keyword",
        "filename": "backend\\tests\\unit\\test_integrations.py",
        "hashed_secret": "57da0c35783d57e558224204a9ccadb96a134443",
        "is_verified": false,
        "line_number": 44
      },
      {
        "type": "Secret Keyword",
        "filename": "backend\\tests\\unit\\test_integrations.py",
        "hashed_secret": "106a6ae5b322762b10660dde2fe22a58b5686951",
        "is_verified": false,
        "line_number": 65
      }
    ],
    "backend\\tests\\unit\\test_security.py": [
      {
        "type": "Secret Keyword",
        "filename": "backend\\tests\\unit\\test_security.py",
        "hashed_secret": "d916842467af09886a1f4be421d45260cb6ff8fc",
        "is_verified": false,
        "line_number": 129
      }
    ]
  },
  "generated_at": "2026-09-26T10:51:58Z"
}